{
  "id": 44,
  "name": "Cristiano Ronaldo",
  "firstName": "Cristiano Ronaldo",
  "lastName": "dos Santos Aveiro",
  "dateOfBirth": "1985-02-05",
  "nationality": "Portugal",
  "position": "Centre-Forward",
  "shirtNumber": 7,
  "lastUpdated": "2021-10-13T08:04:10Z",
  "currentTeam": {
    "area": {
      "id": 2072,
      "name": "England",
      "code": "ENG",
      "flag": "https://crests.football-data.org/770.svg"
    },
    "id": 66,
    "name": "Manchester United FC",
    "shortName": "Man United",
    "tla": "MUN",
    "crest": "https://crests.football-data.org/66.png",
    "address": "Sir Matt Busby Way Manchester M16 0RA",
    "website": "http://www.manutd.com",
    "founded": 1878,
    "clubColors": "Red / White",
    "venue": "Old Trafford",
    "runningCompetitions": [
      {
        "id": 2021,
        "name": "Premier League",
        "code": "PL",
        "type": "LEAGUE",
        "emblem": "https://crests.football-data.org/PL.png"
      },
      {
        "id": 2001,
        "name": "UEFA Champions League",
        "code": "CL",
        "type": "CUP",
        "emblem": "https://crests.football-data.org/CL.png"
      },
      {
        "id": 2055,
        "name": "FA Cup",
        "code": "FAC",
        "type": "CUP",
        "emblem": "https://crests.football-data.org/FA_CUP.png"
      }
    ],
    "contract": {
      "start": "2021-08",
      "until": "2023-06"
    }
  }
}